test.log file
